// Jest Snapshot v1, https://goo.gl/fbAQLP

exports[`Test Channel page should render ChannelVideos component for route /channel/channelId/videos 1`] = `
<div>
  <div>
    <div class="app-banner-container">
      <div class="app-banner-title-container">
        <div class="app-banner-image"><img src="https://yt3.ggpht.com/a/AATXAJzt3HlB60RSLIwrWgXUfKLZeo0M_rC34JMcM0BPZw=s240-c-k-c0xffffffff-no-rj-mo" alt="BBC Learning English" class="ui tiny image circular"></div>
        <div class="app-banner-title">
          <h2 class="ui header app-banner-title-text">BBC Learning English</h2>
        </div>
      </div>
      <div>
        <div style="padding-top: 8px;">
          <!---->
        </div>
      </div>
    </div>
    <div class="ui three item menu red stackable"><a href="/videos" class="item"><i class="video icon"></i> Videos
      </a> <a href="/playlist" class="item"><i class="list icon"></i>Playlist
      </a> <a href="/intro" class="item"><i class="info circle icon"></i>Intro
      </a></div>
    <div>
      <div class="app-banner-container">
        <div class="app-banner-image"><i class="user secret icon huge"></i>
          <!---->
        </div>
        <div class="app-banner-title">
          <h2 class="ui header app-banner-title-text"><span style="margin-right: 3px;">Welcome
        
      </span></h2>
        </div>
      </div>
      <div class="ui three item menu red stackable"><a href="/" aria-current="page" class="item router-link-exact-active active"><i class="thumbs up outline icon"></i> Recommend
        </a> <a href="/subscription" class="item"><i class="user plus icon"></i> Subscription
        </a> <a href="/playlist" class="item"><i class="list icon"></i> Playlist</a></div>
      <div>
        <div class="ui hidden divider"></div>
        <div class="ui active centered inline loader"></div>
        <div class="ui hidden divider"></div>
      </div>
      <!---->
      <!---->
    </div>
  </div>
</div>
`;
