// Jest Snapshot v1, https://goo.gl/fbAQLP

exports[`Test RequireAuth component should match snapshot 1`] = `
<div class="ui red message">
  <app-blank-stub></app-blank-stub>
  <div class="ui header aligned center">You have not signed in</div>
  <app-blank-stub></app-blank-stub>
  <div class="ui header aligned center"><button class="ui youtube button negative basic"><i class="youtube icon"></i>
      Sign in
    </button></div>
  <app-blank-stub></app-blank-stub>
</div>
`;
