// Jest Snapshot v1, https://goo.gl/fbAQLP

exports[`Test VideoPlayer component should match snapshot 1`] = `<div class="app-player-container"><iframe src="https://www.youtube.com/embed/CacIlFaXph0" alt="video" title="video player" class="app-player"></iframe></div>`;
