// Jest Snapshot v1, https://goo.gl/fbAQLP

exports[`Blank component can render correctly 1`] = `<div class="ui hidden divider"></div>`;
