// Jest Snapshot v1, https://goo.gl/fbAQLP

exports[`Breakline component can render correctly 1`] = `<div class="ui divider"></div>`;
